A51 MACRO ASSEMBLER  LED_BLINK                                                            10/07/2023 18:13:27 PAGE     1


MACRO ASSEMBLER A51 V8.2.7.0
OBJECT MODULE PLACED IN .\Objects\LED_BLINK.obj
ASSEMBLER INVOKED BY: C:\Keil_v5\C51\BIN\A51.EXE LED_BLINK.asm SET(SMALL) DEBUG PRINT(.\Listings\LED_BLINK.lst) OBJECT(.
                      \Objects\LED_BLINK.obj) EP

LOC  OBJ            LINE     SOURCE

0000                   1     ORG 0000H                        
0000 02000E            2             LJMP MAIN
                       3             
000B                   4     ORG 000BH                        
000B 020038            5             LJMP TIMER0_INTERRUPT
                       6     
                       7     
000E                   8     MAIN:
000E 7400              9     MOV A,#00H                      
0010 F590             10     MOV P1,A                                 
0012 758901           11     MOV TMOD,#00000001B              
0015                  12     DELAY:       
0015 C28C             13     CLR TR0                                  
0017 7A06             14     MOV R2,#6D                               
0019                  15     LOOP:
0019 758C00           16     MOV TH0,#0000H                   
001C 758A00           17     MOV TL0,#0000H                   
001F D28C             18     SETB TR0                                 
0021                  19     HERE: 
0021 308DFD           20     JNB TF0, HERE                    
0024 C28D             21     CLR TF0                                  
0026 C28C             22     CLR TR0                                  
0028 DAEF             23     DJNZ R2,LOOP                    
002A 75A882           24     MOV IE,#82H                              
002D 758CE8           25     MOV TH0,#0E8H           
0030 758AB9           26     MOV TL0,#0B9H
0033 D28C             27     SETB TR0                                 
0035                  28     HERE2: 
0035 308DFD           29     JNB TF0, HERE2   
                      30     
                      31     
                      32     
                      33     
0038                  34     TIMER0_INTERRUPT:
0038 D290             35      SETB P1.0                               
003A B291             36      CPL P1.1                                
003C C290             37      CLR P1.0                                
                      38      
003E 80D5             39      SJMP DELAY
0040 32               40             RETI                            
                      41      
                      42      END
A51 MACRO ASSEMBLER  LED_BLINK                                                            10/07/2023 18:13:27 PAGE     2

SYMBOL TABLE LISTING
------ ----- -------


N A M E             T Y P E  V A L U E   ATTRIBUTES

DELAY. . . . . . .  C ADDR   0015H   A   
HERE . . . . . . .  C ADDR   0021H   A   
HERE2. . . . . . .  C ADDR   0035H   A   
IE . . . . . . . .  D ADDR   00A8H   A   
LOOP . . . . . . .  C ADDR   0019H   A   
MAIN . . . . . . .  C ADDR   000EH   A   
P1 . . . . . . . .  D ADDR   0090H   A   
TF0. . . . . . . .  B ADDR   0088H.5 A   
TH0. . . . . . . .  D ADDR   008CH   A   
TIMER0_INTERRUPT .  C ADDR   0038H   A   
TL0. . . . . . . .  D ADDR   008AH   A   
TMOD . . . . . . .  D ADDR   0089H   A   
TR0. . . . . . . .  B ADDR   0088H.4 A   


REGISTER BANK(S) USED: 0 


ASSEMBLY COMPLETE.  0 WARNING(S), 0 ERROR(S)
